#
# There is insufficient memory for the Java Runtime Environment to continue.
# Native memory allocation (mmap) failed to map 4194304 bytes for G1 virtual space
# Possible reasons:
#   The system is out of physical RAM or swap space
#   The process is running with CompressedOops enabled, and the Java Heap may be blocking the growth of the native heap
# Possible solutions:
#   Reduce memory load on the system
#   Increase physical memory or swap space
#   Check if swap backing store is full
#   Decrease Java heap size (-Xmx/-Xms)
#   Decrease number of Java threads
#   Decrease Java thread stack sizes (-Xss)
#   Set larger code cache with -XX:ReservedCodeCacheSize=
#   JVM is running with Zero Based Compressed Oops mode in which the Java heap is
#     placed in the first 32GB address space. The Java Heap base address is the
#     maximum limit for the native heap growth. Please use -XX:HeapBaseMinAddress
#     to set the Java Heap base and to place the Java Heap above 32GB virtual address.
# This output file may be truncated or incomplete.
#
#  Out of Memory Error (os_windows.cpp:3600), pid=10760, tid=11468
#
# JRE version:  (21.0.2+13) (build )
# Java VM: OpenJDK 64-Bit Server VM (21.0.2+13-58, mixed mode, sharing, tiered, compressed oops, compressed class ptrs, g1 gc, windows-amd64)
# No core dump will be written. Minidumps are not enabled by default on client versions of Windows
#

---------------  S U M M A R Y ------------

Command Line: -javaagent:C:\Program Files\JetBrains\IntelliJ IDEA 2024.1.1\lib\idea_rt.jar=51855:C:\Program Files\JetBrains\IntelliJ IDEA 2024.1.1\bin -Dfile.encoding=UTF-8 -Dsun.stdout.encoding=UTF-8 -Dsun.stderr.encoding=UTF-8 --module-path=C:\Users\DELL\.m2\repository\org\openjfx\javafx-fxml\17.0.6\javafx-fxml-17.0.6-win.jar;C:\Users\DELL\.m2\repository\org\openjfx\javafx-controls\17.0.6\javafx-controls-17.0.6-win.jar;C:\Users\DELL\.m2\repository\org\openjfx\javafx-base\17.0.6\javafx-base-17.0.6-win.jar;C:\Users\DELL\Desktop\cours\L3-IAGE\javaProjects\digital_banking\target\classes;C:\Users\DELL\.m2\repository\org\openjfx\javafx-graphics\17.0.6\javafx-graphics-17.0.6-win.jar;C:\Users\DELL\Desktop\cours\L3-IAGE\javaProjects\digital_banking\TrayNotification.jar;C:\Users\DELL\.m2\repository\org\mindrot\jbcrypt\0.4\jbcrypt-0.4.jar;C:\Users\DELL\.m2\repository\org\projectlombok\lombok\1.18.34\lombok-1.18.34.jar -Djdk.module.main=com.banking.digitalbankingproject com.banking.digitalbankingproject/com.banking.digitalbankingproject.App

Host: Intel(R) Core(TM) i7-8650U CPU @ 1.90GHz, 8 cores, 15G,  Windows 10 , 64 bit Build 19041 (10.0.19041.5198)
Time: Fri Mar  7 03:06:29 2025 Greenwich elapsed time: 0.032755 seconds (0d 0h 0m 0s)

---------------  T H R E A D  ---------------

Current thread (0x000001ff59b41f80):  JavaThread "Unknown thread" [_thread_in_vm, id=11468, stack(0x00000079fb300000,0x00000079fb400000) (1024K)]

Stack: [0x00000079fb300000,0x00000079fb400000]
Native frames: (J=compiled Java code, j=interpreted, Vv=VM code, C=native code)
V  [jvm.dll+0x6cade9]
V  [jvm.dll+0x8569c1]
V  [jvm.dll+0x858d2e]
V  [jvm.dll+0x859413]
V  [jvm.dll+0x280e56]
V  [jvm.dll+0x6c74d5]
V  [jvm.dll+0x6bbeca]
V  [jvm.dll+0x355bca]
V  [jvm.dll+0x35d816]
V  [jvm.dll+0x3ae693]
V  [jvm.dll+0x3ae928]
V  [jvm.dll+0x3295dc]
V  [jvm.dll+0x32a16b]
V  [jvm.dll+0x81efa9]
V  [jvm.dll+0x3bba01]
V  [jvm.dll+0x807928]
V  [jvm.dll+0x44f50e]
V  [jvm.dll+0x450e11]
C  [jli.dll+0x52a3]
C  [ucrtbase.dll+0x21bb2]
C  [KERNEL32.DLL+0x17374]
C  [ntdll.dll+0x4cc91]


---------------  P R O C E S S  ---------------

Threads class SMR info:
_java_thread_list=0x00007ffaafb6bb88, length=0, elements={
}

Java Threads: ( => current thread )
Total: 0

Other Threads:
  0x000001ff59d69b40 WorkerThread "GC Thread#0"                     [id=17100, stack(0x00000079fb400000,0x00000079fb500000) (1024K)]
  0x000001ff59d7baf0 ConcurrentGCThread "G1 Main Marker"            [id=16800, stack(0x00000079fb500000,0x00000079fb600000) (1024K)]
  0x000001ff59d7cd90 WorkerThread "G1 Conc#0"                       [id=9996, stack(0x00000079fb600000,0x00000079fb700000) (1024K)]

[error occurred during error reporting (printing all threads), id 0xc0000005, EXCEPTION_ACCESS_VIOLATION (0xc0000005) at pc=0x00007ffaaf2dc6a7]
VM state: not at safepoint (not fully initialized)

VM Mutex/Monitor currently owned by a thread:  ([mutex/lock_event])
[0x00007ffaafbdce68] Heap_lock - owner thread: 0x000001ff59b41f80

Heap address: 0x0000000701e00000, size: 4066 MB, Compressed Oops mode: Zero based, Oop shift amount: 3

CDS archive(s) mapped at: [0x0000000000000000-0x0000000000000000-0x0000000000000000), size 0, SharedBaseAddress: 0x0000000800000000, ArchiveRelocationMode: 1.
Narrow klass base: 0x0000000000000000, Narrow klass shift: 0, Narrow klass range: 0x0

GC Precious Log:
 CardTable entry size: 512
 Card Set container configuration: InlinePtr #cards 4 size 8 Array Of Cards #cards 16 size 48 Howl #buckets 8 coarsen threshold 3686 Howl Bitmap #cards 512 size 80 coarsen threshold 460 Card regions per heap region 1 cards per card region 4096

Heap:
 garbage-first heap   total 0K, used 0K [0x0000000701e00000, 0x0000000800000000)
  region size 2048K, 0 young (0K), 0 survivors (0K)

[error occurred during error reporting (printing heap information), id 0xc0000005, EXCEPTION_ACCESS_VIOLATION (0xc0000005) at pc=0x00007ffaaf6c39f9]
GC Heap History (0 events):
No events

Dll operation events (1 events):
Event: 0.010 Loaded shared library C:\Users\DELL\.jdks\openjdk-21.0.2\bin\java.dll

Deoptimization events (0 events):
No events

Classes loaded (0 events):
No events

Classes unloaded (0 events):
No events

Classes redefined (0 events):
No events

Internal exceptions (0 events):
No events

ZGC Phase Switch (0 events):
No events

VM Operations (0 events):
No events

Events (0 events):
No events


Dynamic libraries:
0x00007ff73af00000 - 0x00007ff73af0e000 	C:\Users\DELL\.jdks\openjdk-21.0.2\bin\java.exe
0x00007ffb0c610000 - 0x00007ffb0c808000 	C:\Windows\SYSTEM32\ntdll.dll
0x00007ffad2ac0000 - 0x00007ffad2ada000 	C:\Program Files\Avast Software\Avast\aswhook.dll
0x00007ffb0a980000 - 0x00007ffb0aa42000 	C:\Windows\System32\KERNEL32.DLL
0x00007ffb0a120000 - 0x00007ffb0a41f000 	C:\Windows\System32\KERNELBASE.dll
0x00007ffb0a450000 - 0x00007ffb0a550000 	C:\Windows\System32\ucrtbase.dll
0x00007ffade2d0000 - 0x00007ffade2e8000 	C:\Users\DELL\.jdks\openjdk-21.0.2\bin\jli.dll
0x00007ffaf6f70000 - 0x00007ffaf6f8b000 	C:\Users\DELL\.jdks\openjdk-21.0.2\bin\VCRUNTIME140.dll
0x00007ffb0b390000 - 0x00007ffb0b52d000 	C:\Windows\System32\USER32.dll
0x00007ffb0a550000 - 0x00007ffb0a572000 	C:\Windows\System32\win32u.dll
0x00007ffae34e0000 - 0x00007ffae377a000 	C:\Windows\WinSxS\amd64_microsoft.windows.common-controls_6595b64144ccf1df_6.0.19041.4355_none_60b8b9eb71f62e16\COMCTL32.dll
0x00007ffb0b530000 - 0x00007ffb0b55b000 	C:\Windows\System32\GDI32.dll
0x00007ffb0b690000 - 0x00007ffb0b72e000 	C:\Windows\System32\msvcrt.dll
0x00007ffb09ca0000 - 0x00007ffb09db7000 	C:\Windows\System32\gdi32full.dll
0x00007ffb0a580000 - 0x00007ffb0a61d000 	C:\Windows\System32\msvcp_win.dll
0x00007ffb0aed0000 - 0x00007ffb0aeff000 	C:\Windows\System32\IMM32.DLL
0x00007ffb00640000 - 0x00007ffb0064c000 	C:\Users\DELL\.jdks\openjdk-21.0.2\bin\vcruntime140_1.dll
0x00007ffade240000 - 0x00007ffade2ce000 	C:\Users\DELL\.jdks\openjdk-21.0.2\bin\msvcp140.dll
0x00007ffaaefa0000 - 0x00007ffaafcb7000 	C:\Users\DELL\.jdks\openjdk-21.0.2\bin\server\jvm.dll
0x00007ffb0c1a0000 - 0x00007ffb0c251000 	C:\Windows\System32\ADVAPI32.dll
0x00007ffb0c400000 - 0x00007ffb0c49f000 	C:\Windows\System32\sechost.dll
0x00007ffb0af10000 - 0x00007ffb0b033000 	C:\Windows\System32\RPCRT4.dll
0x00007ffb0a420000 - 0x00007ffb0a447000 	C:\Windows\System32\bcrypt.dll
0x00007ffb0b960000 - 0x00007ffb0b9cb000 	C:\Windows\System32\WS2_32.dll
0x00007ffb09b00000 - 0x00007ffb09b4b000 	C:\Windows\SYSTEM32\POWRPROF.dll
0x00007ffad8e60000 - 0x00007ffad8e87000 	C:\Windows\SYSTEM32\WINMM.dll
0x00007ffb009d0000 - 0x00007ffb009da000 	C:\Windows\SYSTEM32\VERSION.dll
0x00007ffb09ae0000 - 0x00007ffb09af2000 	C:\Windows\SYSTEM32\UMPDC.dll
0x00007ffb084d0000 - 0x00007ffb084e2000 	C:\Windows\SYSTEM32\kernel.appcore.dll
0x00007ffafe850000 - 0x00007ffafe85a000 	C:\Users\DELL\.jdks\openjdk-21.0.2\bin\jimage.dll
0x00007ffb08270000 - 0x00007ffb08454000 	C:\Windows\SYSTEM32\DBGHELP.DLL
0x00007ffafc500000 - 0x00007ffafc534000 	C:\Windows\SYSTEM32\dbgcore.DLL
0x00007ffb09f30000 - 0x00007ffb09fb2000 	C:\Windows\System32\bcryptPrimitives.dll
0x00007ffb011a0000 - 0x00007ffb011af000 	C:\Users\DELL\.jdks\openjdk-21.0.2\bin\instrument.dll
0x00007ffade220000 - 0x00007ffade23f000 	C:\Users\DELL\.jdks\openjdk-21.0.2\bin\java.dll

dbghelp: loaded successfully - version: 4.0.5 - missing functions: none
symbol engine: initialized successfully - sym options: 0x614 - pdb path: .;C:\Users\DELL\.jdks\openjdk-21.0.2\bin;C:\Windows\SYSTEM32;C:\Program Files\Avast Software\Avast;C:\Windows\WinSxS\amd64_microsoft.windows.common-controls_6595b64144ccf1df_6.0.19041.4355_none_60b8b9eb71f62e16;C:\Users\DELL\.jdks\openjdk-21.0.2\bin\server

VM Arguments:
jvm_args: -javaagent:C:\Program Files\JetBrains\IntelliJ IDEA 2024.1.1\lib\idea_rt.jar=51855:C:\Program Files\JetBrains\IntelliJ IDEA 2024.1.1\bin -Dfile.encoding=UTF-8 -Dsun.stdout.encoding=UTF-8 -Dsun.stderr.encoding=UTF-8 --module-path=C:\Users\DELL\.m2\repository\org\openjfx\javafx-fxml\17.0.6\javafx-fxml-17.0.6-win.jar;C:\Users\DELL\.m2\repository\org\openjfx\javafx-controls\17.0.6\javafx-controls-17.0.6-win.jar;C:\Users\DELL\.m2\repository\org\openjfx\javafx-base\17.0.6\javafx-base-17.0.6-win.jar;C:\Users\DELL\Desktop\cours\L3-IAGE\javaProjects\digital_banking\target\classes;C:\Users\DELL\.m2\repository\org\openjfx\javafx-graphics\17.0.6\javafx-graphics-17.0.6-win.jar;C:\Users\DELL\Desktop\cours\L3-IAGE\javaProjects\digital_banking\TrayNotification.jar;C:\Users\DELL\.m2\repository\org\mindrot\jbcrypt\0.4\jbcrypt-0.4.jar;C:\Users\DELL\.m2\repository\org\projectlombok\lombok\1.18.34\lombok-1.18.34.jar -Djdk.module.main=com.banking.digitalbankingproject 
java_command: com.banking.digitalbankingproject/com.banking.digitalbankingproject.App
java_class_path (initial): C:\Users\DELL\.m2\repository\org\openjfx\javafx-controls\17.0.6\javafx-controls-17.0.6.jar;C:\Users\DELL\.m2\repository\org\openjfx\javafx-graphics\17.0.6\javafx-graphics-17.0.6.jar;C:\Users\DELL\.m2\repository\org\openjfx\javafx-base\17.0.6\javafx-base-17.0.6.jar;C:\Users\DELL\.m2\repository\org\openjfx\javafx-fxml\17.0.6\javafx-fxml-17.0.6.jar;C:\Users\DELL\.m2\repository\mysql\mysql-connector-java\8.0.28\mysql-connector-java-8.0.28.jar;C:\Users\DELL\.m2\repository\com\google\protobuf\protobuf-java\3.11.4\protobuf-java-3.11.4.jar
Launcher Type: SUN_STANDARD

[Global flags]
     intx CICompilerCount                          = 4                                         {product} {ergonomic}
     uint ConcGCThreads                            = 2                                         {product} {ergonomic}
     uint G1ConcRefinementThreads                  = 8                                         {product} {ergonomic}
   size_t G1HeapRegionSize                         = 2097152                                   {product} {ergonomic}
    uintx GCDrainStackTargetSize                   = 64                                        {product} {ergonomic}
   size_t InitialHeapSize                          = 268435456                                 {product} {ergonomic}
   size_t MarkStackSize                            = 4194304                                   {product} {ergonomic}
   size_t MaxHeapSize                              = 4263510016                                {product} {ergonomic}
   size_t MinHeapDeltaBytes                        = 2097152                                   {product} {ergonomic}
   size_t MinHeapSize                              = 8388608                                   {product} {ergonomic}
    uintx NonNMethodCodeHeapSize                   = 5839372                                {pd product} {ergonomic}
    uintx NonProfiledCodeHeapSize                  = 122909434                              {pd product} {ergonomic}
    uintx ProfiledCodeHeapSize                     = 122909434                              {pd product} {ergonomic}
    uintx ReservedCodeCacheSize                    = 251658240                              {pd product} {ergonomic}
     bool SegmentedCodeCache                       = true                                      {product} {ergonomic}
   size_t SoftMaxHeapSize                          = 4263510016                             {manageable} {ergonomic}
     bool UseCompressedOops                        = true                           {product lp64_product} {ergonomic}
     bool UseG1GC                                  = true                                      {product} {ergonomic}
     bool UseLargePagesIndividualAllocation        = false                                  {pd product} {ergonomic}

Logging:
Log output configuration:
 #0: stdout all=warning uptime,level,tags foldmultilines=false
 #1: stderr all=off uptime,level,tags foldmultilines=false

Environment Variables:
PATH=C:\Users\DELL\Desktop\cours\L3-IAGE\Oracle\Base\bin;C:\Program Files (x86)\VMware\VMware Workstation\bin\;C:\Program Files (x86)\Common Files\Oracle\Java\javapath;C:\Windows\system32;C:\Windows;C:\Windows\System32\Wbem;C:\Windows\System32\WindowsPowerShell\v1.0\;C:\Windows\System32\OpenSSH\;C:\Program Files\dotnet\;C:\xampp\php;C:\xampp;C:\ProgramData\ComposerSetup\bin;C:\Program Files\nodejs\;C:\Program Files (x86)\Intel\Intel(R) Management Engine Components\DAL;C:\Program Files\Intel\Intel(R) Management Engine Components\DAL;C:\Program Files\Microsoft SQL Server\150\Tools\Binn\;C:\Program Files\Microsoft SQL Server\Client SDK\ODBC\170\Tools\Binn\;C:\Program Files\Git\cmd;C:\Program Files\PuTTY\;C:\Program Files\Docker\Docker\resources\bin;C:\appache\apache-maven-3.9.9\bin;C:\Users\DELL\AppData\Local\Programs\Python\Python312\Scripts\;C:\Users\DELL\AppData\Local\Programs\Python\Python312\;C:\Users\DELL\AppData\Local\Programs\Python\Launcher\;C:\Users\DELL\AppData\Local\Microsoft\WindowsApps;C:\Users\DELL\.dotnet\tools;C:\Users\DELL\AppData\Local\Programs\Microsoft VS Code\bin;C:\Users\DELL\AppData\Roaming\Composer\vendor\bin;C:\Users\DELL\AppData\Roaming\npm;C:\Program Files\JetBrains\IntelliJ IDEA 2024.1.1\bin;;C:\Program Files\JetBrains\PhpStorm 2024.1.1\bin;;
USERNAME=DELL
OS=Windows_NT
PROCESSOR_IDENTIFIER=Intel64 Family 6 Model 142 Stepping 10, GenuineIntel
TMP=C:\Users\DELL\AppData\Local\Temp
TEMP=C:\Users\DELL\AppData\Local\Temp




Periodic native trim disabled

---------------  S Y S T E M  ---------------

OS:
 Windows 10 , 64 bit Build 19041 (10.0.19041.5198)
OS uptime: 0 days 11:28 hours
Hyper-V role detected

CPU: total 8 (initial active 8) (4 cores per cpu, 2 threads per core) family 6 model 142 stepping 10 microcode 0xf6, cx8, cmov, fxsr, ht, mmx, 3dnowpref, sse, sse2, sse3, ssse3, sse4.1, sse4.2, popcnt, lzcnt, tsc, tscinvbit, avx, avx2, aes, erms, clmul, bmi1, bmi2, rtm, adx, fma, vzeroupper, clflush, clflushopt, hv, rdtscp, f16c
Processor Information for all 8 processors :
  Max Mhz: 2112, Current Mhz: 1910, Mhz Limit: 1900

Memory: 4k page, system-wide physical 16262M (1271M free)
TotalPageFile size 17413M (AvailPageFile size 3M)
current process WorkingSet (physical memory assigned to process): 11M, peak: 11M
current process commit charge ("private bytes"): 317M, peak: 321M

vm_info: OpenJDK 64-Bit Server VM (21.0.2+13-58) for windows-amd64 JRE (21.0.2+13-58), built on 2024-01-05T18:32:24Z by "mach5one" with MS VC++ 17.1 (VS2022)

END.
